#At the command line, navigate to the directory that contains the 
#`.bal` file and run the `ballerina test` command.
#Note that you need to have the ballerina-tools distribution 
#installed in order to run this command. 
$ ballerina test testerina_group_tests.bal --groups g1,g2
Compiling tests
    testerina_group_tests.bal

Running tests
     testerina_group_tests.bal
I'm in test belonging to g1 and g2!
I'm in test belonging to g1!

	  ✔ testFunction2
	  ✔ testFunction1

	  2 passing
	  0 failing
	  0 skipped


$ ballerina test testerina_group_tests.bal --groups g1
Compiling tests
    testerina_group_tests.bal

Running tests
    testerina_group_tests.bal
I'm in test belonging to g1 and g2!
I'm in test belonging to g1!

	  ✔ testFunction2
	  ✔ testFunction1

	  2 passing
	  0 failing
	  0 skipped


$ ballerina test testerina_group_tests.bal --disable-groups g2
Compiling tests
    testerina_group_tests.bal

Running tests
    testerina_group_tests.bal
I'm the ungrouped test
I'm in test belonging to g1!

	  ✔ testFunction3
	  ✔ testFunction1

	  2 passing
	  0 failing
	  0 skipped
